// Jest Snapshot v1, https://goo.gl/fbAQLP

exports[`matches snapshot 1`] = `
<DocumentFragment>
  <div
    class="mt-5 col-md-5 mx-auto"
  >
    <form
      class=""
    >
      <div
        class="mb-3 input-group"
      >
        <input
          class="form-control"
          name="searchTerm"
          placeholder="Search for a city, address or zip code"
          type="text"
          value=""
        />
        <button
          class="btn btn-outline-secondary"
          id="search-button"
          type="submit"
        >
          Search Location
        </button>
      </div>
    </form>
  </div>
</DocumentFragment>
`;
